Connection established with peer
1. e21a95edac1d2844fbcc7f40b9bd9b97, data/test.dat : INCOMPLETE
1. e21a95edac1d2844fbcc7f40b9bd9b97, data/test.dat : INCOMPLETE
