Missing address and port argument
Unable to connect to request peer
Connection established with peer
Connected to:

1. 127.0.0.1:9001
Missing address and port argument
Unknown peer, not connected
Disconnected from peer
Not connected to any peers
